kotlin version: 2.3.0
build id: 6e536748-c4d2-47e1-8b48-cdb08b66bba4
error message: Error while creating finish file: nulljava.base/java.nio.channels.spi.AbstractInterruptibleChannel.end(AbstractInterruptibleChannel.java:214)
java.base/sun.nio.ch.FileChannelImpl.endBlocking(FileChannelImpl.java:181)
java.base/sun.nio.ch.FileChannelImpl.implRead(FileChannelImpl.java:259)
java.base/sun.nio.ch.FileChannelImpl.read(FileChannelImpl.java:231)
java.base/sun.nio.ch.ChannelInputStream.read(ChannelInputStream.java:90)
java.base/sun.nio.ch.ChannelInputStream.read(ChannelInputStream.java:119)
java.base/sun.nio.cs.StreamDecoder.readBytes(StreamDecoder.java:279)
java.base/sun.nio.cs.StreamDecoder.implRead(StreamDecoder.java:322)
java.base/sun.nio.cs.StreamDecoder.read(StreamDecoder.java:186)
java.base/java.io.InputStreamReader.read(InputStreamReader.java:183)
java.base/java.io.BufferedReader.fill(BufferedReader.java:166)
java.base/java.io.BufferedReader.readLine(BufferedReader.java:333)
java.base/java.io.BufferedReader.readLine(BufferedReader.java:400)
kotlin.io.LinesSequence$iterator$1.hasNext(ReadWrite.kt:94)
kotlin.io.TextStreamsKt.forEachLine(ReadWrite.kt:169)
org.jetbrains.kotlin.statistics.fileloggers.MetricsContainer$Companion.readFromFile(MetricsContainer.kt:58)
org.jetbrains.kotlin.gradle.plugin.statistics.BuildFinishBuildService$Companion.collectAllFusReportsIntoOne$kotlin_gradle_plugin_common(BuildFinishBuildService.kt:96)
org.jetbrains.kotlin.gradle.plugin.statistics.BuildFinishBuildService.collectAllFusReportsIntoOne$kotlin_gradle_plugin_common(BuildFinishBuildService.kt:136)
org.jetbrains.kotlin.gradle.plugin.statistics.BuildFinishBuildService.close(BuildFinishBuildService.kt:129)
org.gradle.api.services.internal.RegisteredBuildServiceProvider.lambda$maybeStop$1(RegisteredBuildServiceProvider.java:201)
org.gradle.internal.Try$Success.ifSuccessful(Try.java:185)
org.gradle.api.services.internal.RegisteredBuildServiceProvider.maybeStop(RegisteredBuildServiceProvider.java:198)
org.gradle.api.services.internal.DefaultBuildServicesRegistry.lambda$discardAll$8(DefaultBuildServicesRegistry.java:295)
org.gradle.internal.build.ExecutionResult.forEach(ExecutionResult.java:135)
org.gradle.api.services.internal.DefaultBuildServicesRegistry.lambda$discardAll$9(DefaultBuildServicesRegistry.java:291)
org.gradle.api.services.internal.DefaultBuildServicesRegistry.withRegistrations(DefaultBuildServicesRegistry.java:103)
org.gradle.api.services.internal.DefaultBuildServicesRegistry.discardAll(DefaultBuildServicesRegistry.java:288)
org.gradle.api.services.internal.DefaultBuildServicesRegistry.access$100(DefaultBuildServicesRegistry.java:61)
org.gradle.api.services.internal.DefaultBuildServicesRegistry$ServiceCleanupListener.buildFinished(DefaultBuildServicesRegistry.java:390)
java.base/jdk.internal.reflect.DirectMethodHandleAccessor.invoke(DirectMethodHandleAccessor.java:104)
java.base/java.lang.reflect.Method.invoke(Method.java:565)
org.gradle.internal.dispatch.MethodInvocation.invokeOn(MethodInvocation.java:77)
org.gradle.internal.dispatch.ReflectionDispatch.dispatch(ReflectionDispatch.java:28)
org.gradle.internal.dispatch.ReflectionDispatch.dispatch(ReflectionDispatch.java:19)
org.gradle.internal.event.DefaultListenerManager$ListenerDetails.dispatch(DefaultListenerManager.java:574)
org.gradle.internal.event.DefaultListenerManager$ListenerDetails.dispatch(DefaultListenerManager.java:544)
org.gradle.internal.event.AbstractBroadcastDispatch.dispatch(AbstractBroadcastDispatch.java:84)
org.gradle.internal.event.AbstractBroadcastDispatch.dispatch(AbstractBroadcastDispatch.java:70)
org.gradle.internal.event.DefaultListenerManager$EventBroadcast$ListenerDispatch.dispatch(DefaultListenerManager.java:416)
org.gradle.internal.event.DefaultListenerManager$EventBroadcast$ListenerDispatch.dispatch(DefaultListenerManager.java:401)
org.gradle.internal.event.AbstractBroadcastDispatch.dispatch(AbstractBroadcastDispatch.java:44)
org.gradle.internal.event.BroadcastDispatch$SingletonDispatch.dispatch(BroadcastDispatch.java:270)
org.gradle.internal.event.BroadcastDispatch$SingletonDispatch.dispatch(BroadcastDispatch.java:172)
org.gradle.internal.event.AbstractBroadcastDispatch.dispatch(AbstractBroadcastDispatch.java:84)
org.gradle.internal.event.AbstractBroadcastDispatch.dispatch(AbstractBroadcastDispatch.java:70)
org.gradle.internal.event.BroadcastDispatch$CompositeDispatch.dispatch(BroadcastDispatch.java:382)
org.gradle.internal.event.BroadcastDispatch$CompositeDispatch.dispatch(BroadcastDispatch.java:274)
org.gradle.internal.event.ListenerBroadcast.dispatch(ListenerBroadcast.java:160)
org.gradle.internal.event.ListenerBroadcast.dispatch(ListenerBroadcast.java:37)
org.gradle.internal.dispatch.ProxyDispatchAdapter$DispatchingInvocationHandler.invoke(ProxyDispatchAdapter.java:88)
jdk.proxy1/jdk.proxy1.$Proxy35.buildFinished(Unknown Source)
org.gradle.internal.build.DefaultBuildLifecycleController.lambda$finishBuild$12(DefaultBuildLifecycleController.java:356)
org.gradle.internal.build.ExecutionResult.maybeFailing(ExecutionResult.java:101)
org.gradle.internal.build.DefaultBuildLifecycleController.lambda$finishBuild$13(DefaultBuildLifecycleController.java:356)
org.gradle.internal.model.StateTransitionController.doTransitionWithFailures(StateTransitionController.java:279)
org.gradle.internal.model.StateTransitionController.lambda$transition$14(StateTransitionController.java:270)
org.gradle.internal.work.DefaultSynchronizer.withLock(DefaultSynchronizer.java:45)
org.gradle.internal.model.StateTransitionController.transition(StateTransitionController.java:267)
org.gradle.internal.build.DefaultBuildLifecycleController.finishBuild(DefaultBuildLifecycleController.java:346)
org.gradle.composite.internal.DefaultNestedBuild.finishBuild(DefaultNestedBuild.java:97)
org.gradle.internal.buildtree.DefaultBuildTreeFinishExecutor.lambda$finishBuildTree$0(DefaultBuildTreeFinishExecutor.java:51)
org.gradle.composite.internal.DefaultIncludedBuildRegistry.visitBuilds(DefaultIncludedBuildRegistry.java:206)
org.gradle.internal.buildtree.DefaultBuildTreeFinishExecutor.finishBuildTree(DefaultBuildTreeFinishExecutor.java:49)
org.gradle.internal.buildtree.DefaultBuildTreeLifecycleController.lambda$runBuild$5(DefaultBuildTreeLifecycleController.java:147)
org.gradle.internal.model.StateTransitionController.lambda$transition$7(StateTransitionController.java:207)
org.gradle.internal.model.StateTransitionController.doTransition(StateTransitionController.java:304)
org.gradle.internal.model.StateTransitionController.lambda$transition$8(StateTransitionController.java:207)
org.gradle.internal.work.DefaultSynchronizer.withLock(DefaultSynchronizer.java:45)
org.gradle.internal.model.StateTransitionController.transition(StateTransitionController.java:207)
org.gradle.internal.buildtree.DefaultBuildTreeLifecycleController.runBuild(DefaultBuildTreeLifecycleController.java:139)
org.gradle.internal.buildtree.DefaultBuildTreeLifecycleController.scheduleAndRunTasks(DefaultBuildTreeLifecycleController.java:84)
org.gradle.internal.buildtree.DefaultBuildTreeLifecycleController.scheduleAndRunTasks(DefaultBuildTreeLifecycleController.java:79)
org.gradle.internal.build.NestedRootBuildRunner.lambda$runNestedRootBuild$0(NestedRootBuildRunner.java:35)
org.gradle.composite.internal.RootOfNestedBuildTree$1.call(RootOfNestedBuildTree.java:126)
org.gradle.internal.operations.DefaultBuildOperationRunner$CallableBuildOperationWorker.execute(DefaultBuildOperationRunner.java:210)
org.gradle.internal.operations.DefaultBuildOperationRunner$CallableBuildOperationWorker.execute(DefaultBuildOperationRunner.java:205)
org.gradle.internal.operations.DefaultBuildOperationRunner$2.execute(DefaultBuildOperationRunner.java:67)
org.gradle.internal.operations.DefaultBuildOperationRunner$2.execute(DefaultBuildOperationRunner.java:60)
org.gradle.internal.operations.DefaultBuildOperationRunner.execute(DefaultBuildOperationRunner.java:167)
org.gradle.internal.operations.DefaultBuildOperationRunner.execute(DefaultBuildOperationRunner.java:60)
org.gradle.internal.operations.DefaultBuildOperationRunner.call(DefaultBuildOperationRunner.java:54)
org.gradle.composite.internal.RootOfNestedBuildTree.run(RootOfNestedBuildTree.java:123)
org.gradle.composite.internal.DefaultNestedBuildTree.run(DefaultNestedBuildTree.java:88)
org.gradle.internal.build.NestedRootBuildRunner.runNestedRootBuild(NestedRootBuildRunner.java:34)
java.base/jdk.internal.reflect.DirectMethodHandleAccessor.invoke(DirectMethodHandleAccessor.java:104)
java.base/java.lang.reflect.Method.invoke(Method.java:565)
io.papermc.paperweight.core.tasks.RunNestedBuild.run(RunNestedBuild.kt:76)
java.base/jdk.internal.reflect.DirectMethodHandleAccessor.invoke(DirectMethodHandleAccessor.java:104)
java.base/java.lang.reflect.Method.invoke(Method.java:565)
org.gradle.internal.reflect.JavaMethod.invoke(JavaMethod.java:125)
org.gradle.api.internal.project.taskfactory.StandardTaskAction.doExecute(StandardTaskAction.java:58)
org.gradle.api.internal.project.taskfactory.StandardTaskAction.execute(StandardTaskAction.java:51)
org.gradle.api.internal.project.taskfactory.StandardTaskAction.execute(StandardTaskAction.java:29)
org.gradle.api.internal.tasks.execution.TaskExecution$3.run(TaskExecution.java:259)
org.gradle.internal.operations.DefaultBuildOperationRunner$1.execute(DefaultBuildOperationRunner.java:30)
org.gradle.internal.operations.DefaultBuildOperationRunner$1.execute(DefaultBuildOperationRunner.java:27)
org.gradle.internal.operations.DefaultBuildOperationRunner$2.execute(DefaultBuildOperationRunner.java:67)
org.gradle.internal.operations.DefaultBuildOperationRunner$2.execute(DefaultBuildOperationRunner.java:60)
org.gradle.internal.operations.DefaultBuildOperationRunner.execute(DefaultBuildOperationRunner.java:167)
org.gradle.internal.operations.DefaultBuildOperationRunner.execute(DefaultBuildOperationRunner.java:60)
org.gradle.internal.operations.DefaultBuildOperationRunner.run(DefaultBuildOperationRunner.java:48)
org.gradle.api.internal.tasks.execution.TaskExecution.executeAction(TaskExecution.java:244)
org.gradle.api.internal.tasks.execution.TaskExecution.executeActions(TaskExecution.java:227)
org.gradle.api.internal.tasks.execution.TaskExecution.executeWithPreviousOutputFiles(TaskExecution.java:210)
org.gradle.api.internal.tasks.execution.TaskExecution.execute(TaskExecution.java:176)
org.gradle.internal.execution.steps.ExecuteStep.executeInternal(ExecuteStep.java:167)
org.gradle.internal.execution.steps.ExecuteStep.access$000(ExecuteStep.java:47)
org.gradle.internal.execution.steps.ExecuteStep$1.call(ExecuteStep.java:137)
org.gradle.internal.execution.steps.ExecuteStep$1.call(ExecuteStep.java:134)
org.gradle.internal.operations.DefaultBuildOperationRunner$CallableBuildOperationWorker.execute(DefaultBuildOperationRunner.java:210)
org.gradle.internal.operations.DefaultBuildOperationRunner$CallableBuildOperationWorker.execute(DefaultBuildOperationRunner.java:205)
org.gradle.internal.operations.DefaultBuildOperationRunner$2.execute(DefaultBuildOperationRunner.java:67)
org.gradle.internal.operations.DefaultBuildOperationRunner$2.execute(DefaultBuildOperationRunner.java:60)
org.gradle.internal.operations.DefaultBuildOperationRunner.execute(DefaultBuildOperationRunner.java:167)
org.gradle.internal.operations.DefaultBuildOperationRunner.execute(DefaultBuildOperationRunner.java:60)
org.gradle.internal.operations.DefaultBuildOperationRunner.call(DefaultBuildOperationRunner.java:54)
org.gradle.internal.execution.steps.ExecuteStep.execute(ExecuteStep.java:134)
org.gradle.internal.execution.steps.ExecuteStep$Mutable.execute(ExecuteStep.java:80)
org.gradle.internal.execution.steps.CancelExecutionStep.execute(CancelExecutionStep.java:42)
org.gradle.internal.execution.steps.TimeoutStep.executeWithoutTimeout(TimeoutStep.java:75)
org.gradle.internal.execution.steps.TimeoutStep.execute(TimeoutStep.java:55)
org.gradle.internal.execution.steps.PreCreateOutputParentsStep.execute(PreCreateOutputParentsStep.java:51)
org.gradle.internal.execution.steps.PreCreateOutputParentsStep.execute(PreCreateOutputParentsStep.java:29)
org.gradle.internal.execution.steps.RemovePreviousOutputsStep.executeMutable(RemovePreviousOutputsStep.java:67)
org.gradle.internal.execution.steps.RemovePreviousOutputsStep.executeMutable(RemovePreviousOutputsStep.java:39)
org.gradle.internal.execution.steps.MutableStep.execute(MutableStep.java:26)
org.gradle.internal.execution.steps.BroadcastChangingOutputsStep.execute(BroadcastChangingOutputsStep.java:42)
org.gradle.internal.execution.steps.BroadcastChangingOutputsStep.execute(BroadcastChangingOutputsStep.java:24)
org.gradle.internal.execution.steps.CaptureOutputsAfterExecutionStep.execute(CaptureOutputsAfterExecutionStep.java:69)
org.gradle.internal.execution.steps.CaptureOutputsAfterExecutionStep.execute(CaptureOutputsAfterExecutionStep.java:46)
org.gradle.internal.execution.steps.ResolveInputChangesStep.executeMutable(ResolveInputChangesStep.java:39)
org.gradle.internal.execution.steps.ResolveInputChangesStep.executeMutable(ResolveInputChangesStep.java:28)
org.gradle.internal.execution.steps.MutableStep.execute(MutableStep.java:26)
org.gradle.internal.execution.steps.BuildCacheStep.executeWithoutCache(BuildCacheStep.java:189)
org.gradle.internal.execution.steps.BuildCacheStep.lambda$execute$1(BuildCacheStep.java:76)
org.gradle.internal.Either$Right.fold(Either.java:176)
org.gradle.internal.execution.caching.CachingState.fold(CachingState.java:62)
org.gradle.internal.execution.steps.BuildCacheStep.execute(BuildCacheStep.java:74)
org.gradle.internal.execution.steps.BuildCacheStep.execute(BuildCacheStep.java:49)
org.gradle.internal.execution.steps.StoreExecutionStateStep.executeMutable(StoreExecutionStateStep.java:46)
org.gradle.internal.execution.steps.StoreExecutionStateStep.executeMutable(StoreExecutionStateStep.java:35)
org.gradle.internal.execution.steps.MutableStep.execute(MutableStep.java:26)
org.gradle.internal.execution.steps.SkipUpToDateStep.executeBecause(SkipUpToDateStep.java:75)
org.gradle.internal.execution.steps.SkipUpToDateStep.lambda$execute$2(SkipUpToDateStep.java:53)
java.base/java.util.Optional.orElseGet(Optional.java:364)
org.gradle.internal.execution.steps.SkipUpToDateStep.execute(SkipUpToDateStep.java:53)
org.gradle.internal.execution.steps.SkipUpToDateStep.execute(SkipUpToDateStep.java:35)
org.gradle.internal.execution.steps.legacy.MarkSnapshottingInputsFinishedStep.execute(MarkSnapshottingInputsFinishedStep.java:37)
org.gradle.internal.execution.steps.legacy.MarkSnapshottingInputsFinishedStep.execute(MarkSnapshottingInputsFinishedStep.java:27)
org.gradle.internal.execution.steps.ResolveMutableCachingStateStep.executeDelegate(ResolveMutableCachingStateStep.java:70)
org.gradle.internal.execution.steps.ResolveMutableCachingStateStep.executeDelegate(ResolveMutableCachingStateStep.java:32)
org.gradle.internal.execution.steps.AbstractResolveCachingStateStep.execute(AbstractResolveCachingStateStep.java:69)
org.gradle.internal.execution.steps.AbstractResolveCachingStateStep.execute(AbstractResolveCachingStateStep.java:37)
org.gradle.internal.execution.steps.ResolveChangesStep.executeMutable(ResolveChangesStep.java:63)
org.gradle.internal.execution.steps.ResolveChangesStep.executeMutable(ResolveChangesStep.java:34)
org.gradle.internal.execution.steps.MutableStep.execute(MutableStep.java:26)
org.gradle.internal.execution.steps.ValidateStep$Mutable.executeDelegate(ValidateStep.java:79)
org.gradle.internal.execution.steps.ValidateStep$Mutable.executeDelegate(ValidateStep.java:65)
org.gradle.internal.execution.steps.ValidateStep.execute(ValidateStep.java:99)
org.gradle.internal.execution.steps.ValidateStep$Mutable.execute(ValidateStep.java:65)
org.gradle.internal.execution.steps.CaptureMutableStateBeforeExecutionStep.executeMutable(CaptureMutableStateBeforeExecutionStep.java:86)
org.gradle.internal.execution.steps.CaptureMutableStateBeforeExecutionStep.execute(CaptureMutableStateBeforeExecutionStep.java:65)
org.gradle.internal.execution.steps.CaptureMutableStateBeforeExecutionStep.execute(CaptureMutableStateBeforeExecutionStep.java:45)
org.gradle.internal.execution.steps.SkipEmptyMutableWorkStep.executeWithNonEmptySources(SkipEmptyMutableWorkStep.java:210)
org.gradle.internal.execution.steps.SkipEmptyMutableWorkStep.executeMutable(SkipEmptyMutableWorkStep.java:85)
org.gradle.internal.execution.steps.SkipEmptyMutableWorkStep.executeMutable(SkipEmptyMutableWorkStep.java:53)
org.gradle.internal.execution.steps.MutableStep.execute(MutableStep.java:26)
org.gradle.internal.execution.steps.legacy.MarkSnapshottingInputsStartedStep.execute(MarkSnapshottingInputsStartedStep.java:38)
org.gradle.internal.execution.steps.LoadPreviousExecutionStateStep.executeMutable(LoadPreviousExecutionStateStep.java:36)
org.gradle.internal.execution.steps.LoadPreviousExecutionStateStep.executeMutable(LoadPreviousExecutionStateStep.java:23)
org.gradle.internal.execution.steps.MutableStep.execute(MutableStep.java:26)
org.gradle.internal.execution.steps.HandleStaleOutputsStep.executeMutable(HandleStaleOutputsStep.java:77)
org.gradle.internal.execution.steps.HandleStaleOutputsStep.executeMutable(HandleStaleOutputsStep.java:43)
org.gradle.internal.execution.steps.MutableStep.execute(MutableStep.java:26)
org.gradle.internal.execution.steps.AssignMutableWorkspaceStep.lambda$executeMutable$0(AssignMutableWorkspaceStep.java:34)
org.gradle.api.internal.tasks.execution.TaskExecution$4.withWorkspace(TaskExecution.java:305)
org.gradle.internal.execution.steps.AssignMutableWorkspaceStep.executeMutable(AssignMutableWorkspaceStep.java:30)
org.gradle.internal.execution.steps.AssignMutableWorkspaceStep.executeMutable(AssignMutableWorkspaceStep.java:21)
org.gradle.internal.execution.steps.MutableStep.execute(MutableStep.java:26)
org.gradle.internal.execution.steps.ChoosePipelineStep.execute(ChoosePipelineStep.java:40)
org.gradle.internal.execution.steps.ChoosePipelineStep.execute(ChoosePipelineStep.java:23)
org.gradle.internal.execution.steps.ExecuteWorkBuildOperationFiringStep.lambda$execute$2(ExecuteWorkBuildOperationFiringStep.java:67)
java.base/java.util.Optional.orElseGet(Optional.java:364)
org.gradle.internal.execution.steps.ExecuteWorkBuildOperationFiringStep.execute(ExecuteWorkBuildOperationFiringStep.java:67)
org.gradle.internal.execution.steps.ExecuteWorkBuildOperationFiringStep.execute(ExecuteWorkBuildOperationFiringStep.java:39)
org.gradle.internal.execution.steps.IdentityCacheStep.execute(IdentityCacheStep.java:46)
org.gradle.internal.execution.steps.IdentityCacheStep.execute(IdentityCacheStep.java:34)
org.gradle.internal.execution.steps.IdentifyStep.execute(IdentifyStep.java:56)
org.gradle.internal.execution.steps.IdentifyStep.execute(IdentifyStep.java:38)
org.gradle.internal.execution.impl.DefaultExecutionEngine$1.execute(DefaultExecutionEngine.java:68)
org.gradle.api.internal.tasks.execution.ExecuteActionsTaskExecuter.executeIfValid(ExecuteActionsTaskExecuter.java:132)
org.gradle.api.internal.tasks.execution.ExecuteActionsTaskExecuter.execute(ExecuteActionsTaskExecuter.java:121)
org.gradle.api.internal.tasks.execution.ProblemsTaskPathTrackingTaskExecuter.execute(ProblemsTaskPathTrackingTaskExecuter.java:41)
org.gradle.api.internal.tasks.execution.ResolveTaskExecutionModeExecuter.execute(ResolveTaskExecutionModeExecuter.java:51)
org.gradle.api.internal.tasks.execution.FinalizePropertiesTaskExecuter.execute(FinalizePropertiesTaskExecuter.java:46)
org.gradle.api.internal.tasks.execution.SkipTaskWithNoActionsExecuter.execute(SkipTaskWithNoActionsExecuter.java:57)
org.gradle.api.internal.tasks.execution.SkipOnlyIfTaskExecuter.execute(SkipOnlyIfTaskExecuter.java:74)
org.gradle.api.internal.tasks.execution.CatchExceptionTaskExecuter.execute(CatchExceptionTaskExecuter.java:36)
org.gradle.api.internal.tasks.execution.EventFiringTaskExecuter$1.executeTask(EventFiringTaskExecuter.java:77)
org.gradle.api.internal.tasks.execution.EventFiringTaskExecuter$1.call(EventFiringTaskExecuter.java:55)
org.gradle.api.internal.tasks.execution.EventFiringTaskExecuter$1.call(EventFiringTaskExecuter.java:52)
org.gradle.internal.operations.DefaultBuildOperationRunner$CallableBuildOperationWorker.execute(DefaultBuildOperationRunner.java:210)
org.gradle.internal.operations.DefaultBuildOperationRunner$CallableBuildOperationWorker.execute(DefaultBuildOperationRunner.java:205)
org.gradle.internal.operations.DefaultBuildOperationRunner$2.execute(DefaultBuildOperationRunner.java:67)
org.gradle.internal.operations.DefaultBuildOperationRunner$2.execute(DefaultBuildOperationRunner.java:60)
org.gradle.internal.operations.DefaultBuildOperationRunner.execute(DefaultBuildOperationRunner.java:167)
org.gradle.internal.operations.DefaultBuildOperationRunner.execute(DefaultBuildOperationRunner.java:60)
org.gradle.internal.operations.DefaultBuildOperationRunner.call(DefaultBuildOperationRunner.java:54)
org.gradle.api.internal.tasks.execution.EventFiringTaskExecuter.execute(EventFiringTaskExecuter.java:52)
org.gradle.execution.plan.DefaultNodeExecutor.executeLocalTaskNode(DefaultNodeExecutor.java:55)
org.gradle.execution.plan.DefaultNodeExecutor.execute(DefaultNodeExecutor.java:34)
org.gradle.execution.taskgraph.DefaultTaskExecutionGraph$InvokeNodeExecutorsAction.execute(DefaultTaskExecutionGraph.java:355)
org.gradle.execution.taskgraph.DefaultTaskExecutionGraph$InvokeNodeExecutorsAction.execute(DefaultTaskExecutionGraph.java:343)
org.gradle.execution.taskgraph.DefaultTaskExecutionGraph$BuildOperationAwareExecutionAction.lambda$execute$0(DefaultTaskExecutionGraph.java:339)
org.gradle.internal.operations.CurrentBuildOperationRef.with(CurrentBuildOperationRef.java:84)
org.gradle.execution.taskgraph.DefaultTaskExecutionGraph$BuildOperationAwareExecutionAction.execute(DefaultTaskExecutionGraph.java:339)
org.gradle.execution.taskgraph.DefaultTaskExecutionGraph$BuildOperationAwareExecutionAction.execute(DefaultTaskExecutionGraph.java:328)
org.gradle.execution.plan.DefaultPlanExecutor$ExecutorWorker.execute(DefaultPlanExecutor.java:459)
org.gradle.execution.plan.DefaultPlanExecutor$ExecutorWorker.run(DefaultPlanExecutor.java:376)
org.gradle.internal.concurrent.ExecutorPolicy$CatchAndRecordFailures.onExecute(ExecutorPolicy.java:64)
org.gradle.internal.concurrent.AbstractManagedExecutor$1.run(AbstractManagedExecutor.java:47)
java.base/java.util.concurrent.ThreadPoolExecutor.runWorker(ThreadPoolExecutor.java:1090)
java.base/java.util.concurrent.ThreadPoolExecutor$Worker.run(ThreadPoolExecutor.java:614)
java.base/java.lang.Thread.run(Thread.java:1474)

